../Core/Src/main.c:87:5:main	8	static
../Core/Src/main.c:150:6:SystemClock_Config	88	static
../Core/Src/main.c:196:13:MX_SDIO_SD_Init	4	static
../Core/Src/main.c:224:13:MX_SPI1_Init	8	static
../Core/Src/main.c:262:13:MX_TIM3_Init	48	static
../Core/Src/main.c:311:13:MX_USART1_UART_Init	8	static
../Core/Src/main.c:344:13:MX_USART2_UART_Init	8	static
../Core/Src/main.c:377:13:MX_USART3_UART_Init	8	static
../Core/Src/main.c:408:13:MX_DMA_Init	16	static
../Core/Src/main.c:430:13:MX_GPIO_Init	56	static
../Core/Src/main.c:479:6:Error_Handler	4	static,ignoring_inline_asm
