../Core/Src/main.c:84:5:main	8	static
../Core/Src/main.c:142:6:SystemClock_Config	88	static
../Core/Src/main.c:188:13:MX_SDIO_SD_Init	4	static
../Core/Src/main.c:216:13:MX_SPI1_Init	8	static
../Core/Src/main.c:254:13:MX_TIM3_Init	48	static
../Core/Src/main.c:303:13:MX_USART1_UART_Init	8	static
../Core/Src/main.c:336:13:MX_USART2_UART_Init	8	static
../Core/Src/main.c:367:13:MX_DMA_Init	16	static
../Core/Src/main.c:385:13:MX_GPIO_Init	56	static
../Core/Src/main.c:427:6:Error_Handler	4	static,ignoring_inline_asm
