/opt/st/stm32cubeide_1.14.0/plugins/com.st.stm32cube.ide.mcu.externaltools.gnu-tools-for-stm32.11.3.rel1.linux64_1.1.100.202309141235/tools/arm-none-eabi/include/c++/11.3.1/new:174:33:void* operator new(std::size_t, void*)	16	static
/opt/st/stm32cubeide_1.14.0/plugins/com.st.stm32cube.ide.mcu.externaltools.gnu-tools-for-stm32.11.3.rel1.linux64_1.1.100.202309141235/tools/arm-none-eabi/include/c++/11.3.1/bits/std_function.h:85:17:void* std::_Any_data::_M_access()	16	static
/opt/st/stm32cubeide_1.14.0/plugins/com.st.stm32cube.ide.mcu.externaltools.gnu-tools-for-stm32.11.3.rel1.linux64_1.1.100.202309141235/tools/arm-none-eabi/include/c++/11.3.1/bits/std_function.h:86:17:const void* std::_Any_data::_M_access() const	16	static
/opt/st/stm32cubeide_1.14.0/plugins/com.st.stm32cube.ide.mcu.externaltools.gnu-tools-for-stm32.11.3.rel1.linux64_1.1.100.202309141235/tools/arm-none-eabi/include/c++/11.3.1/bits/std_function.h:241:5:std::_Function_base::~_Function_base()	16	static
/opt/st/stm32cubeide_1.14.0/plugins/com.st.stm32cube.ide.mcu.externaltools.gnu-tools-for-stm32.11.3.rel1.linux64_1.1.100.202309141235/tools/arm-none-eabi/include/c++/11.3.1/arm-none-eabi/thumb/v7e-m+fp/hard/bits/gthr-default.h:229:1:int __gthread_key_delete(__gthread_key_t)	16	static
../App/gps_parser.h:41:7:constexpr GpsDataChangeListener::GpsDataChangeListener()	16	static
../App/app.cpp:32:3:App::App(Storage*)	16	static
../App/app.cpp:36:3:App::~App()	16	static
../App/app.cpp:40:8:void App::setUI(UI*)	16	static
../App/app.cpp:44:8:void App::start()	16	static
../App/app.cpp:49:8:void App::stop()	16	static
../App/app.cpp:54:8:void App::mountFileSystem()	24	static
../App/app.cpp:68:8:void App::unmountFileSystem()	24	static
../App/app.cpp:76:8:virtual void App::onGpsDataChange(GpsData*)	352	static
../App/app.cpp:108:8:bool App::isGpsDataRecordingStarted()	16	static
../App/app.cpp:112:8:void App::startGpsDataRecording()	16	static
../App/app.cpp:116:8:void App::stopGpsDataRecording()	16	static
../App/wifi.h:29:7:Wifi::Wifi()	16	static
../App/app.cpp:145:6:App::syncGpsRecords()::<lambda(const char*, uint32_t, uint32_t)>	40	static
/opt/st/stm32cubeide_1.14.0/plugins/com.st.stm32cube.ide.mcu.externaltools.gnu-tools-for-stm32.11.3.rel1.linux64_1.1.100.202309141235/tools/arm-none-eabi/include/c++/11.3.1/bits/std_function.h:334:11:std::function<void(const char*, long unsigned int, long unsigned int)>::~function()	16	static
../App/app.cpp:125:8:void App::syncGpsRecords()	10840	static
../App/app.cpp:157:8:void App::onReceivedDataFromWifi(const char*, size_t)	24	static
../App/logger.h:6:7:Logger::Logger()	16	static
../App/storage.h:8:7:Storage::Storage()	16	static
../App/app.cpp:203:3:applicationMain(UART_HandleTypeDef*, UART_HandleTypeDef*, DMA_HandleTypeDef*)::<lambda()>	16	static
../App/app.cpp:206:3:applicationMain(UART_HandleTypeDef*, UART_HandleTypeDef*, DMA_HandleTypeDef*)::<lambda()>	16	static
../App/app.cpp:209:3:applicationMain(UART_HandleTypeDef*, UART_HandleTypeDef*, DMA_HandleTypeDef*)::<lambda()>	16	static
/opt/st/stm32cubeide_1.14.0/plugins/com.st.stm32cube.ide.mcu.externaltools.gnu-tools-for-stm32.11.3.rel1.linux64_1.1.100.202309141235/tools/arm-none-eabi/include/c++/11.3.1/bits/std_function.h:334:11:std::function<void()>::~function()	16	static
../App/ui.h:13:7:UI::~UI()	16	static
../App/gps_parser.h:47:7:GpsParser::GpsParser()	16	static
../App/app.cpp:197:6:void applicationMain(UART_HandleTypeDef*, UART_HandleTypeDef*, DMA_HandleTypeDef*)	792	static
../App/app.cpp:313:6:void HAL_UARTEx_RxEventCallback(UART_HandleTypeDef*, uint16_t)	88	dynamic
../App/app.cpp:354:6:void applicationErrorHandler()	4	static
/opt/st/stm32cubeide_1.14.0/plugins/com.st.stm32cube.ide.mcu.externaltools.gnu-tools-for-stm32.11.3.rel1.linux64_1.1.100.202309141235/tools/arm-none-eabi/include/c++/11.3.1/bits/std_function.h:239:5:constexpr std::_Function_base::_Function_base()	16	static
/opt/st/stm32cubeide_1.14.0/plugins/com.st.stm32cube.ide.mcu.externaltools.gnu-tools-for-stm32.11.3.rel1.linux64_1.1.100.202309141235/tools/arm-none-eabi/include/c++/11.3.1/bits/std_function.h:435:2:)>::function(_Functor&&) [with _Functor = App::syncGpsRecords()::<lambda(const char*, uint32_t, uint32_t)>; _Constraints = void; _Res = void; _ArgTypes = {const char*, long unsigned int, long unsigned int}]	24	static
/opt/st/stm32cubeide_1.14.0/plugins/com.st.stm32cube.ide.mcu.externaltools.gnu-tools-for-stm32.11.3.rel1.linux64_1.1.100.202309141235/tools/arm-none-eabi/include/c++/11.3.1/bits/std_function.h:435:2:)>::function(_Functor&&) [with _Functor = applicationMain(UART_HandleTypeDef*, UART_HandleTypeDef*, DMA_HandleTypeDef*)::<lambda()>; _Constraints = void; _Res = void; _ArgTypes = {}]	24	static
/opt/st/stm32cubeide_1.14.0/plugins/com.st.stm32cube.ide.mcu.externaltools.gnu-tools-for-stm32.11.3.rel1.linux64_1.1.100.202309141235/tools/arm-none-eabi/include/c++/11.3.1/bits/std_function.h:435:2:)>::function(_Functor&&) [with _Functor = applicationMain(UART_HandleTypeDef*, UART_HandleTypeDef*, DMA_HandleTypeDef*)::<lambda()>; _Constraints = void; _Res = void; _ArgTypes = {}]	24	static
/opt/st/stm32cubeide_1.14.0/plugins/com.st.stm32cube.ide.mcu.externaltools.gnu-tools-for-stm32.11.3.rel1.linux64_1.1.100.202309141235/tools/arm-none-eabi/include/c++/11.3.1/bits/std_function.h:435:2:)>::function(_Functor&&) [with _Functor = applicationMain(UART_HandleTypeDef*, UART_HandleTypeDef*, DMA_HandleTypeDef*)::<lambda()>; _Constraints = void; _Res = void; _ArgTypes = {}]	24	static
/opt/st/stm32cubeide_1.14.0/plugins/com.st.stm32cube.ide.mcu.externaltools.gnu-tools-for-stm32.11.3.rel1.linux64_1.1.100.202309141235/tools/arm-none-eabi/include/c++/11.3.1/bits/std_function.h:235:4:static bool std::_Function_base::_Base_manager<_Functor>::_M_not_empty_function(const _Tp&) [with _Tp = App::syncGpsRecords()::<lambda(const char*, uint32_t, uint32_t)>; _Functor = App::syncGpsRecords()::<lambda(const char*, uint32_t, uint32_t)>]	16	static
/opt/st/stm32cubeide_1.14.0/plugins/com.st.stm32cube.ide.mcu.externaltools.gnu-tools-for-stm32.11.3.rel1.linux64_1.1.100.202309141235/tools/arm-none-eabi/include/c++/11.3.1/bits/move.h:77:5:constexpr _Tp&& std::forward(typename std::remove_reference<_Tp>::type&) [with _Tp = App::syncGpsRecords()::<lambda(const char*, uint32_t, uint32_t)>]	16	static
/opt/st/stm32cubeide_1.14.0/plugins/com.st.stm32cube.ide.mcu.externaltools.gnu-tools-for-stm32.11.3.rel1.linux64_1.1.100.202309141235/tools/arm-none-eabi/include/c++/11.3.1/bits/std_function.h:211:4:static void std::_Function_base::_Base_manager<_Functor>::_M_init_functor(std::_Any_data&, _Fn&&) [with _Fn = App::syncGpsRecords()::<lambda(const char*, uint32_t, uint32_t)>; _Functor = App::syncGpsRecords()::<lambda(const char*, uint32_t, uint32_t)>]	24	static
/opt/st/stm32cubeide_1.14.0/plugins/com.st.stm32cube.ide.mcu.externaltools.gnu-tools-for-stm32.11.3.rel1.linux64_1.1.100.202309141235/tools/arm-none-eabi/include/c++/11.3.1/bits/std_function.h:288:7:) [with _Res = void; _Functor = App::syncGpsRecords()::<lambda(const char*, uint32_t, uint32_t)>; _ArgTypes = {const char*, long unsigned int, long unsigned int}]	40	static
/opt/st/stm32cubeide_1.14.0/plugins/com.st.stm32cube.ide.mcu.externaltools.gnu-tools-for-stm32.11.3.rel1.linux64_1.1.100.202309141235/tools/arm-none-eabi/include/c++/11.3.1/bits/std_function.h:267:7:), _Functor>::_M_manager(std::_Any_data&, const std::_Any_data&, std::_Manager_operation) [with _Res = void; _Functor = App::syncGpsRecords()::<lambda(const char*, uint32_t, uint32_t)>; _ArgTypes = {const char*, long unsigned int, long unsigned int}]	32	static
/opt/st/stm32cubeide_1.14.0/plugins/com.st.stm32cube.ide.mcu.externaltools.gnu-tools-for-stm32.11.3.rel1.linux64_1.1.100.202309141235/tools/arm-none-eabi/include/c++/11.3.1/bits/std_function.h:235:4:static bool std::_Function_base::_Base_manager<_Functor>::_M_not_empty_function(const _Tp&) [with _Tp = applicationMain(UART_HandleTypeDef*, UART_HandleTypeDef*, DMA_HandleTypeDef*)::<lambda()>; _Functor = applicationMain(UART_HandleTypeDef*, UART_HandleTypeDef*, DMA_HandleTypeDef*)::<lambda()>]	16	static
/opt/st/stm32cubeide_1.14.0/plugins/com.st.stm32cube.ide.mcu.externaltools.gnu-tools-for-stm32.11.3.rel1.linux64_1.1.100.202309141235/tools/arm-none-eabi/include/c++/11.3.1/bits/move.h:77:5:constexpr _Tp&& std::forward(typename std::remove_reference<_Tp>::type&) [with _Tp = applicationMain(UART_HandleTypeDef*, UART_HandleTypeDef*, DMA_HandleTypeDef*)::<lambda()>]	16	static
/opt/st/stm32cubeide_1.14.0/plugins/com.st.stm32cube.ide.mcu.externaltools.gnu-tools-for-stm32.11.3.rel1.linux64_1.1.100.202309141235/tools/arm-none-eabi/include/c++/11.3.1/bits/std_function.h:211:4:static void std::_Function_base::_Base_manager<_Functor>::_M_init_functor(std::_Any_data&, _Fn&&) [with _Fn = applicationMain(UART_HandleTypeDef*, UART_HandleTypeDef*, DMA_HandleTypeDef*)::<lambda()>; _Functor = applicationMain(UART_HandleTypeDef*, UART_HandleTypeDef*, DMA_HandleTypeDef*)::<lambda()>]	24	static
/opt/st/stm32cubeide_1.14.0/plugins/com.st.stm32cube.ide.mcu.externaltools.gnu-tools-for-stm32.11.3.rel1.linux64_1.1.100.202309141235/tools/arm-none-eabi/include/c++/11.3.1/bits/std_function.h:288:7:) [with _Res = void; _Functor = applicationMain(UART_HandleTypeDef*, UART_HandleTypeDef*, DMA_HandleTypeDef*)::<lambda()>; _ArgTypes = {}]	16	static
/opt/st/stm32cubeide_1.14.0/plugins/com.st.stm32cube.ide.mcu.externaltools.gnu-tools-for-stm32.11.3.rel1.linux64_1.1.100.202309141235/tools/arm-none-eabi/include/c++/11.3.1/bits/std_function.h:267:7:), _Functor>::_M_manager(std::_Any_data&, const std::_Any_data&, std::_Manager_operation) [with _Res = void; _Functor = applicationMain(UART_HandleTypeDef*, UART_HandleTypeDef*, DMA_HandleTypeDef*)::<lambda()>; _ArgTypes = {}]	32	static
/opt/st/stm32cubeide_1.14.0/plugins/com.st.stm32cube.ide.mcu.externaltools.gnu-tools-for-stm32.11.3.rel1.linux64_1.1.100.202309141235/tools/arm-none-eabi/include/c++/11.3.1/bits/std_function.h:235:4:static bool std::_Function_base::_Base_manager<_Functor>::_M_not_empty_function(const _Tp&) [with _Tp = applicationMain(UART_HandleTypeDef*, UART_HandleTypeDef*, DMA_HandleTypeDef*)::<lambda()>; _Functor = applicationMain(UART_HandleTypeDef*, UART_HandleTypeDef*, DMA_HandleTypeDef*)::<lambda()>]	16	static
/opt/st/stm32cubeide_1.14.0/plugins/com.st.stm32cube.ide.mcu.externaltools.gnu-tools-for-stm32.11.3.rel1.linux64_1.1.100.202309141235/tools/arm-none-eabi/include/c++/11.3.1/bits/move.h:77:5:constexpr _Tp&& std::forward(typename std::remove_reference<_Tp>::type&) [with _Tp = applicationMain(UART_HandleTypeDef*, UART_HandleTypeDef*, DMA_HandleTypeDef*)::<lambda()>]	16	static
/opt/st/stm32cubeide_1.14.0/plugins/com.st.stm32cube.ide.mcu.externaltools.gnu-tools-for-stm32.11.3.rel1.linux64_1.1.100.202309141235/tools/arm-none-eabi/include/c++/11.3.1/bits/std_function.h:211:4:static void std::_Function_base::_Base_manager<_Functor>::_M_init_functor(std::_Any_data&, _Fn&&) [with _Fn = applicationMain(UART_HandleTypeDef*, UART_HandleTypeDef*, DMA_HandleTypeDef*)::<lambda()>; _Functor = applicationMain(UART_HandleTypeDef*, UART_HandleTypeDef*, DMA_HandleTypeDef*)::<lambda()>]	24	static
/opt/st/stm32cubeide_1.14.0/plugins/com.st.stm32cube.ide.mcu.externaltools.gnu-tools-for-stm32.11.3.rel1.linux64_1.1.100.202309141235/tools/arm-none-eabi/include/c++/11.3.1/bits/std_function.h:288:7:) [with _Res = void; _Functor = applicationMain(UART_HandleTypeDef*, UART_HandleTypeDef*, DMA_HandleTypeDef*)::<lambda()>; _ArgTypes = {}]	16	static
/opt/st/stm32cubeide_1.14.0/plugins/com.st.stm32cube.ide.mcu.externaltools.gnu-tools-for-stm32.11.3.rel1.linux64_1.1.100.202309141235/tools/arm-none-eabi/include/c++/11.3.1/bits/std_function.h:267:7:), _Functor>::_M_manager(std::_Any_data&, const std::_Any_data&, std::_Manager_operation) [with _Res = void; _Functor = applicationMain(UART_HandleTypeDef*, UART_HandleTypeDef*, DMA_HandleTypeDef*)::<lambda()>; _ArgTypes = {}]	32	static
/opt/st/stm32cubeide_1.14.0/plugins/com.st.stm32cube.ide.mcu.externaltools.gnu-tools-for-stm32.11.3.rel1.linux64_1.1.100.202309141235/tools/arm-none-eabi/include/c++/11.3.1/bits/std_function.h:235:4:static bool std::_Function_base::_Base_manager<_Functor>::_M_not_empty_function(const _Tp&) [with _Tp = applicationMain(UART_HandleTypeDef*, UART_HandleTypeDef*, DMA_HandleTypeDef*)::<lambda()>; _Functor = applicationMain(UART_HandleTypeDef*, UART_HandleTypeDef*, DMA_HandleTypeDef*)::<lambda()>]	16	static
/opt/st/stm32cubeide_1.14.0/plugins/com.st.stm32cube.ide.mcu.externaltools.gnu-tools-for-stm32.11.3.rel1.linux64_1.1.100.202309141235/tools/arm-none-eabi/include/c++/11.3.1/bits/move.h:77:5:constexpr _Tp&& std::forward(typename std::remove_reference<_Tp>::type&) [with _Tp = applicationMain(UART_HandleTypeDef*, UART_HandleTypeDef*, DMA_HandleTypeDef*)::<lambda()>]	16	static
/opt/st/stm32cubeide_1.14.0/plugins/com.st.stm32cube.ide.mcu.externaltools.gnu-tools-for-stm32.11.3.rel1.linux64_1.1.100.202309141235/tools/arm-none-eabi/include/c++/11.3.1/bits/std_function.h:211:4:static void std::_Function_base::_Base_manager<_Functor>::_M_init_functor(std::_Any_data&, _Fn&&) [with _Fn = applicationMain(UART_HandleTypeDef*, UART_HandleTypeDef*, DMA_HandleTypeDef*)::<lambda()>; _Functor = applicationMain(UART_HandleTypeDef*, UART_HandleTypeDef*, DMA_HandleTypeDef*)::<lambda()>]	24	static
/opt/st/stm32cubeide_1.14.0/plugins/com.st.stm32cube.ide.mcu.externaltools.gnu-tools-for-stm32.11.3.rel1.linux64_1.1.100.202309141235/tools/arm-none-eabi/include/c++/11.3.1/bits/std_function.h:288:7:) [with _Res = void; _Functor = applicationMain(UART_HandleTypeDef*, UART_HandleTypeDef*, DMA_HandleTypeDef*)::<lambda()>; _ArgTypes = {}]	16	static
/opt/st/stm32cubeide_1.14.0/plugins/com.st.stm32cube.ide.mcu.externaltools.gnu-tools-for-stm32.11.3.rel1.linux64_1.1.100.202309141235/tools/arm-none-eabi/include/c++/11.3.1/bits/std_function.h:267:7:), _Functor>::_M_manager(std::_Any_data&, const std::_Any_data&, std::_Manager_operation) [with _Res = void; _Functor = applicationMain(UART_HandleTypeDef*, UART_HandleTypeDef*, DMA_HandleTypeDef*)::<lambda()>; _ArgTypes = {}]	32	static
/opt/st/stm32cubeide_1.14.0/plugins/com.st.stm32cube.ide.mcu.externaltools.gnu-tools-for-stm32.11.3.rel1.linux64_1.1.100.202309141235/tools/arm-none-eabi/include/c++/11.3.1/bits/std_function.h:150:4:static void std::_Function_base::_Base_manager<_Functor>::_M_create(std::_Any_data&, _Fn&&, std::true_type) [with _Fn = App::syncGpsRecords()::<lambda(const char*, uint32_t, uint32_t)>; _Functor = App::syncGpsRecords()::<lambda(const char*, uint32_t, uint32_t)>]	32	static
/opt/st/stm32cubeide_1.14.0/plugins/com.st.stm32cube.ide.mcu.externaltools.gnu-tools-for-stm32.11.3.rel1.linux64_1.1.100.202309141235/tools/arm-none-eabi/include/c++/11.3.1/bits/std_function.h:134:2:static _Functor* std::_Function_base::_Base_manager<_Functor>::_M_get_pointer(const std::_Any_data&) [with _Functor = App::syncGpsRecords()::<lambda(const char*, uint32_t, uint32_t)>]	24	static
/opt/st/stm32cubeide_1.14.0/plugins/com.st.stm32cube.ide.mcu.externaltools.gnu-tools-for-stm32.11.3.rel1.linux64_1.1.100.202309141235/tools/arm-none-eabi/include/c++/11.3.1/bits/move.h:77:5:constexpr _Tp&& std::forward(typename std::remove_reference<_Tp>::type&) [with _Tp = const char*]	16	static
/opt/st/stm32cubeide_1.14.0/plugins/com.st.stm32cube.ide.mcu.externaltools.gnu-tools-for-stm32.11.3.rel1.linux64_1.1.100.202309141235/tools/arm-none-eabi/include/c++/11.3.1/bits/move.h:77:5:constexpr _Tp&& std::forward(typename std::remove_reference<_Tp>::type&) [with _Tp = long unsigned int]	16	static
/opt/st/stm32cubeide_1.14.0/plugins/com.st.stm32cube.ide.mcu.externaltools.gnu-tools-for-stm32.11.3.rel1.linux64_1.1.100.202309141235/tools/arm-none-eabi/include/c++/11.3.1/bits/invoke.h:149:5:) [with _Res = void; _Callable = App::syncGpsRecords()::<lambda(const char*, uint32_t, uint32_t)>&; _Args = {const char*, long unsigned int, long unsigned int}]	48	static
/opt/st/stm32cubeide_1.14.0/plugins/com.st.stm32cube.ide.mcu.externaltools.gnu-tools-for-stm32.11.3.rel1.linux64_1.1.100.202309141235/tools/arm-none-eabi/include/c++/11.3.1/bits/std_function.h:90:7:_Tp& std::_Any_data::_M_access() [with _Tp = App::syncGpsRecords()::<lambda(const char*, uint32_t, uint32_t)>*]	16	static
/opt/st/stm32cubeide_1.14.0/plugins/com.st.stm32cube.ide.mcu.externaltools.gnu-tools-for-stm32.11.3.rel1.linux64_1.1.100.202309141235/tools/arm-none-eabi/include/c++/11.3.1/bits/std_function.h:180:2:static bool std::_Function_base::_Base_manager<_Functor>::_M_manager(std::_Any_data&, const std::_Any_data&, std::_Manager_operation) [with _Functor = App::syncGpsRecords()::<lambda(const char*, uint32_t, uint32_t)>]	32	static
/opt/st/stm32cubeide_1.14.0/plugins/com.st.stm32cube.ide.mcu.externaltools.gnu-tools-for-stm32.11.3.rel1.linux64_1.1.100.202309141235/tools/arm-none-eabi/include/c++/11.3.1/bits/std_function.h:150:4:static void std::_Function_base::_Base_manager<_Functor>::_M_create(std::_Any_data&, _Fn&&, std::true_type) [with _Fn = applicationMain(UART_HandleTypeDef*, UART_HandleTypeDef*, DMA_HandleTypeDef*)::<lambda()>; _Functor = applicationMain(UART_HandleTypeDef*, UART_HandleTypeDef*, DMA_HandleTypeDef*)::<lambda()>]	24	static
/opt/st/stm32cubeide_1.14.0/plugins/com.st.stm32cube.ide.mcu.externaltools.gnu-tools-for-stm32.11.3.rel1.linux64_1.1.100.202309141235/tools/arm-none-eabi/include/c++/11.3.1/bits/std_function.h:134:2:static _Functor* std::_Function_base::_Base_manager<_Functor>::_M_get_pointer(const std::_Any_data&) [with _Functor = applicationMain(UART_HandleTypeDef*, UART_HandleTypeDef*, DMA_HandleTypeDef*)::<lambda()>]	24	static
/opt/st/stm32cubeide_1.14.0/plugins/com.st.stm32cube.ide.mcu.externaltools.gnu-tools-for-stm32.11.3.rel1.linux64_1.1.100.202309141235/tools/arm-none-eabi/include/c++/11.3.1/bits/invoke.h:149:5:) [with _Res = void; _Callable = applicationMain(UART_HandleTypeDef*, UART_HandleTypeDef*, DMA_HandleTypeDef*)::<lambda()>&; _Args = {}]	24	static
/opt/st/stm32cubeide_1.14.0/plugins/com.st.stm32cube.ide.mcu.externaltools.gnu-tools-for-stm32.11.3.rel1.linux64_1.1.100.202309141235/tools/arm-none-eabi/include/c++/11.3.1/bits/std_function.h:90:7:_Tp& std::_Any_data::_M_access() [with _Tp = applicationMain(UART_HandleTypeDef*, UART_HandleTypeDef*, DMA_HandleTypeDef*)::<lambda()>*]	16	static
/opt/st/stm32cubeide_1.14.0/plugins/com.st.stm32cube.ide.mcu.externaltools.gnu-tools-for-stm32.11.3.rel1.linux64_1.1.100.202309141235/tools/arm-none-eabi/include/c++/11.3.1/bits/std_function.h:180:2:static bool std::_Function_base::_Base_manager<_Functor>::_M_manager(std::_Any_data&, const std::_Any_data&, std::_Manager_operation) [with _Functor = applicationMain(UART_HandleTypeDef*, UART_HandleTypeDef*, DMA_HandleTypeDef*)::<lambda()>]	32	static
/opt/st/stm32cubeide_1.14.0/plugins/com.st.stm32cube.ide.mcu.externaltools.gnu-tools-for-stm32.11.3.rel1.linux64_1.1.100.202309141235/tools/arm-none-eabi/include/c++/11.3.1/bits/std_function.h:150:4:static void std::_Function_base::_Base_manager<_Functor>::_M_create(std::_Any_data&, _Fn&&, std::true_type) [with _Fn = applicationMain(UART_HandleTypeDef*, UART_HandleTypeDef*, DMA_HandleTypeDef*)::<lambda()>; _Functor = applicationMain(UART_HandleTypeDef*, UART_HandleTypeDef*, DMA_HandleTypeDef*)::<lambda()>]	24	static
/opt/st/stm32cubeide_1.14.0/plugins/com.st.stm32cube.ide.mcu.externaltools.gnu-tools-for-stm32.11.3.rel1.linux64_1.1.100.202309141235/tools/arm-none-eabi/include/c++/11.3.1/bits/std_function.h:134:2:static _Functor* std::_Function_base::_Base_manager<_Functor>::_M_get_pointer(const std::_Any_data&) [with _Functor = applicationMain(UART_HandleTypeDef*, UART_HandleTypeDef*, DMA_HandleTypeDef*)::<lambda()>]	24	static
/opt/st/stm32cubeide_1.14.0/plugins/com.st.stm32cube.ide.mcu.externaltools.gnu-tools-for-stm32.11.3.rel1.linux64_1.1.100.202309141235/tools/arm-none-eabi/include/c++/11.3.1/bits/invoke.h:149:5:) [with _Res = void; _Callable = applicationMain(UART_HandleTypeDef*, UART_HandleTypeDef*, DMA_HandleTypeDef*)::<lambda()>&; _Args = {}]	24	static
/opt/st/stm32cubeide_1.14.0/plugins/com.st.stm32cube.ide.mcu.externaltools.gnu-tools-for-stm32.11.3.rel1.linux64_1.1.100.202309141235/tools/arm-none-eabi/include/c++/11.3.1/bits/std_function.h:90:7:_Tp& std::_Any_data::_M_access() [with _Tp = applicationMain(UART_HandleTypeDef*, UART_HandleTypeDef*, DMA_HandleTypeDef*)::<lambda()>*]	16	static
/opt/st/stm32cubeide_1.14.0/plugins/com.st.stm32cube.ide.mcu.externaltools.gnu-tools-for-stm32.11.3.rel1.linux64_1.1.100.202309141235/tools/arm-none-eabi/include/c++/11.3.1/bits/std_function.h:180:2:static bool std::_Function_base::_Base_manager<_Functor>::_M_manager(std::_Any_data&, const std::_Any_data&, std::_Manager_operation) [with _Functor = applicationMain(UART_HandleTypeDef*, UART_HandleTypeDef*, DMA_HandleTypeDef*)::<lambda()>]	32	static
/opt/st/stm32cubeide_1.14.0/plugins/com.st.stm32cube.ide.mcu.externaltools.gnu-tools-for-stm32.11.3.rel1.linux64_1.1.100.202309141235/tools/arm-none-eabi/include/c++/11.3.1/bits/std_function.h:150:4:static void std::_Function_base::_Base_manager<_Functor>::_M_create(std::_Any_data&, _Fn&&, std::true_type) [with _Fn = applicationMain(UART_HandleTypeDef*, UART_HandleTypeDef*, DMA_HandleTypeDef*)::<lambda()>; _Functor = applicationMain(UART_HandleTypeDef*, UART_HandleTypeDef*, DMA_HandleTypeDef*)::<lambda()>]	24	static
/opt/st/stm32cubeide_1.14.0/plugins/com.st.stm32cube.ide.mcu.externaltools.gnu-tools-for-stm32.11.3.rel1.linux64_1.1.100.202309141235/tools/arm-none-eabi/include/c++/11.3.1/bits/std_function.h:134:2:static _Functor* std::_Function_base::_Base_manager<_Functor>::_M_get_pointer(const std::_Any_data&) [with _Functor = applicationMain(UART_HandleTypeDef*, UART_HandleTypeDef*, DMA_HandleTypeDef*)::<lambda()>]	24	static
/opt/st/stm32cubeide_1.14.0/plugins/com.st.stm32cube.ide.mcu.externaltools.gnu-tools-for-stm32.11.3.rel1.linux64_1.1.100.202309141235/tools/arm-none-eabi/include/c++/11.3.1/bits/invoke.h:149:5:) [with _Res = void; _Callable = applicationMain(UART_HandleTypeDef*, UART_HandleTypeDef*, DMA_HandleTypeDef*)::<lambda()>&; _Args = {}]	24	static
/opt/st/stm32cubeide_1.14.0/plugins/com.st.stm32cube.ide.mcu.externaltools.gnu-tools-for-stm32.11.3.rel1.linux64_1.1.100.202309141235/tools/arm-none-eabi/include/c++/11.3.1/bits/std_function.h:90:7:_Tp& std::_Any_data::_M_access() [with _Tp = applicationMain(UART_HandleTypeDef*, UART_HandleTypeDef*, DMA_HandleTypeDef*)::<lambda()>*]	16	static
/opt/st/stm32cubeide_1.14.0/plugins/com.st.stm32cube.ide.mcu.externaltools.gnu-tools-for-stm32.11.3.rel1.linux64_1.1.100.202309141235/tools/arm-none-eabi/include/c++/11.3.1/bits/std_function.h:180:2:static bool std::_Function_base::_Base_manager<_Functor>::_M_manager(std::_Any_data&, const std::_Any_data&, std::_Manager_operation) [with _Functor = applicationMain(UART_HandleTypeDef*, UART_HandleTypeDef*, DMA_HandleTypeDef*)::<lambda()>]	32	static
/opt/st/stm32cubeide_1.14.0/plugins/com.st.stm32cube.ide.mcu.externaltools.gnu-tools-for-stm32.11.3.rel1.linux64_1.1.100.202309141235/tools/arm-none-eabi/include/c++/11.3.1/bits/std_function.h:95:7:const _Tp& std::_Any_data::_M_access() const [with _Tp = App::syncGpsRecords()::<lambda(const char*, uint32_t, uint32_t)>]	16	static
/opt/st/stm32cubeide_1.14.0/plugins/com.st.stm32cube.ide.mcu.externaltools.gnu-tools-for-stm32.11.3.rel1.linux64_1.1.100.202309141235/tools/arm-none-eabi/include/c++/11.3.1/bits/move.h:49:5:constexpr _Tp* std::__addressof(_Tp&) [with _Tp = const App::syncGpsRecords()::<lambda(const char*, uint32_t, uint32_t)>]	16	static
/opt/st/stm32cubeide_1.14.0/plugins/com.st.stm32cube.ide.mcu.externaltools.gnu-tools-for-stm32.11.3.rel1.linux64_1.1.100.202309141235/tools/arm-none-eabi/include/c++/11.3.1/bits/move.h:77:5:constexpr _Tp&& std::forward(typename std::remove_reference<_Tp>::type&) [with _Tp = App::syncGpsRecords()::<lambda(const char*, uint32_t, uint32_t)>&]	16	static
/opt/st/stm32cubeide_1.14.0/plugins/com.st.stm32cube.ide.mcu.externaltools.gnu-tools-for-stm32.11.3.rel1.linux64_1.1.100.202309141235/tools/arm-none-eabi/include/c++/11.3.1/bits/invoke.h:60:5:) [with _Res = void; _Fn = App::syncGpsRecords()::<lambda(const char*, uint32_t, uint32_t)>&; _Args = {const char*, long unsigned int, long unsigned int}]	40	static
/opt/st/stm32cubeide_1.14.0/plugins/com.st.stm32cube.ide.mcu.externaltools.gnu-tools-for-stm32.11.3.rel1.linux64_1.1.100.202309141235/tools/arm-none-eabi/include/c++/11.3.1/bits/std_function.h:90:7:_Tp& std::_Any_data::_M_access() [with _Tp = const std::type_info*]	16	static
/opt/st/stm32cubeide_1.14.0/plugins/com.st.stm32cube.ide.mcu.externaltools.gnu-tools-for-stm32.11.3.rel1.linux64_1.1.100.202309141235/tools/arm-none-eabi/include/c++/11.3.1/bits/std_function.h:211:4:static void std::_Function_base::_Base_manager<_Functor>::_M_init_functor(std::_Any_data&, _Fn&&) [with _Fn = const App::syncGpsRecords()::<lambda(const char*, uint32_t, uint32_t)>&; _Functor = App::syncGpsRecords()::<lambda(const char*, uint32_t, uint32_t)>]	24	static
/opt/st/stm32cubeide_1.14.0/plugins/com.st.stm32cube.ide.mcu.externaltools.gnu-tools-for-stm32.11.3.rel1.linux64_1.1.100.202309141235/tools/arm-none-eabi/include/c++/11.3.1/bits/std_function.h:166:2:static void std::_Function_base::_Base_manager<_Functor>::_M_destroy(std::_Any_data&, std::true_type) [with _Functor = App::syncGpsRecords()::<lambda(const char*, uint32_t, uint32_t)>]	16	static
/opt/st/stm32cubeide_1.14.0/plugins/com.st.stm32cube.ide.mcu.externaltools.gnu-tools-for-stm32.11.3.rel1.linux64_1.1.100.202309141235/tools/arm-none-eabi/include/c++/11.3.1/bits/std_function.h:95:7:const _Tp& std::_Any_data::_M_access() const [with _Tp = applicationMain(UART_HandleTypeDef*, UART_HandleTypeDef*, DMA_HandleTypeDef*)::<lambda()>]	16	static
/opt/st/stm32cubeide_1.14.0/plugins/com.st.stm32cube.ide.mcu.externaltools.gnu-tools-for-stm32.11.3.rel1.linux64_1.1.100.202309141235/tools/arm-none-eabi/include/c++/11.3.1/bits/move.h:49:5:constexpr _Tp* std::__addressof(_Tp&) [with _Tp = const applicationMain(UART_HandleTypeDef*, UART_HandleTypeDef*, DMA_HandleTypeDef*)::<lambda()>]	16	static
/opt/st/stm32cubeide_1.14.0/plugins/com.st.stm32cube.ide.mcu.externaltools.gnu-tools-for-stm32.11.3.rel1.linux64_1.1.100.202309141235/tools/arm-none-eabi/include/c++/11.3.1/bits/move.h:77:5:constexpr _Tp&& std::forward(typename std::remove_reference<_Tp>::type&) [with _Tp = applicationMain(UART_HandleTypeDef*, UART_HandleTypeDef*, DMA_HandleTypeDef*)::<lambda()>&]	16	static
/opt/st/stm32cubeide_1.14.0/plugins/com.st.stm32cube.ide.mcu.externaltools.gnu-tools-for-stm32.11.3.rel1.linux64_1.1.100.202309141235/tools/arm-none-eabi/include/c++/11.3.1/bits/invoke.h:60:5:) [with _Res = void; _Fn = applicationMain(UART_HandleTypeDef*, UART_HandleTypeDef*, DMA_HandleTypeDef*)::<lambda()>&; _Args = {}]	16	static
/opt/st/stm32cubeide_1.14.0/plugins/com.st.stm32cube.ide.mcu.externaltools.gnu-tools-for-stm32.11.3.rel1.linux64_1.1.100.202309141235/tools/arm-none-eabi/include/c++/11.3.1/bits/std_function.h:211:4:static void std::_Function_base::_Base_manager<_Functor>::_M_init_functor(std::_Any_data&, _Fn&&) [with _Fn = const applicationMain(UART_HandleTypeDef*, UART_HandleTypeDef*, DMA_HandleTypeDef*)::<lambda()>&; _Functor = applicationMain(UART_HandleTypeDef*, UART_HandleTypeDef*, DMA_HandleTypeDef*)::<lambda()>]	24	static
/opt/st/stm32cubeide_1.14.0/plugins/com.st.stm32cube.ide.mcu.externaltools.gnu-tools-for-stm32.11.3.rel1.linux64_1.1.100.202309141235/tools/arm-none-eabi/include/c++/11.3.1/bits/std_function.h:166:2:static void std::_Function_base::_Base_manager<_Functor>::_M_destroy(std::_Any_data&, std::true_type) [with _Functor = applicationMain(UART_HandleTypeDef*, UART_HandleTypeDef*, DMA_HandleTypeDef*)::<lambda()>]	16	static
/opt/st/stm32cubeide_1.14.0/plugins/com.st.stm32cube.ide.mcu.externaltools.gnu-tools-for-stm32.11.3.rel1.linux64_1.1.100.202309141235/tools/arm-none-eabi/include/c++/11.3.1/bits/std_function.h:95:7:const _Tp& std::_Any_data::_M_access() const [with _Tp = applicationMain(UART_HandleTypeDef*, UART_HandleTypeDef*, DMA_HandleTypeDef*)::<lambda()>]	16	static
/opt/st/stm32cubeide_1.14.0/plugins/com.st.stm32cube.ide.mcu.externaltools.gnu-tools-for-stm32.11.3.rel1.linux64_1.1.100.202309141235/tools/arm-none-eabi/include/c++/11.3.1/bits/move.h:49:5:constexpr _Tp* std::__addressof(_Tp&) [with _Tp = const applicationMain(UART_HandleTypeDef*, UART_HandleTypeDef*, DMA_HandleTypeDef*)::<lambda()>]	16	static
/opt/st/stm32cubeide_1.14.0/plugins/com.st.stm32cube.ide.mcu.externaltools.gnu-tools-for-stm32.11.3.rel1.linux64_1.1.100.202309141235/tools/arm-none-eabi/include/c++/11.3.1/bits/move.h:77:5:constexpr _Tp&& std::forward(typename std::remove_reference<_Tp>::type&) [with _Tp = applicationMain(UART_HandleTypeDef*, UART_HandleTypeDef*, DMA_HandleTypeDef*)::<lambda()>&]	16	static
/opt/st/stm32cubeide_1.14.0/plugins/com.st.stm32cube.ide.mcu.externaltools.gnu-tools-for-stm32.11.3.rel1.linux64_1.1.100.202309141235/tools/arm-none-eabi/include/c++/11.3.1/bits/invoke.h:60:5:) [with _Res = void; _Fn = applicationMain(UART_HandleTypeDef*, UART_HandleTypeDef*, DMA_HandleTypeDef*)::<lambda()>&; _Args = {}]	16	static
/opt/st/stm32cubeide_1.14.0/plugins/com.st.stm32cube.ide.mcu.externaltools.gnu-tools-for-stm32.11.3.rel1.linux64_1.1.100.202309141235/tools/arm-none-eabi/include/c++/11.3.1/bits/std_function.h:211:4:static void std::_Function_base::_Base_manager<_Functor>::_M_init_functor(std::_Any_data&, _Fn&&) [with _Fn = const applicationMain(UART_HandleTypeDef*, UART_HandleTypeDef*, DMA_HandleTypeDef*)::<lambda()>&; _Functor = applicationMain(UART_HandleTypeDef*, UART_HandleTypeDef*, DMA_HandleTypeDef*)::<lambda()>]	24	static
/opt/st/stm32cubeide_1.14.0/plugins/com.st.stm32cube.ide.mcu.externaltools.gnu-tools-for-stm32.11.3.rel1.linux64_1.1.100.202309141235/tools/arm-none-eabi/include/c++/11.3.1/bits/std_function.h:166:2:static void std::_Function_base::_Base_manager<_Functor>::_M_destroy(std::_Any_data&, std::true_type) [with _Functor = applicationMain(UART_HandleTypeDef*, UART_HandleTypeDef*, DMA_HandleTypeDef*)::<lambda()>]	16	static
/opt/st/stm32cubeide_1.14.0/plugins/com.st.stm32cube.ide.mcu.externaltools.gnu-tools-for-stm32.11.3.rel1.linux64_1.1.100.202309141235/tools/arm-none-eabi/include/c++/11.3.1/bits/std_function.h:95:7:const _Tp& std::_Any_data::_M_access() const [with _Tp = applicationMain(UART_HandleTypeDef*, UART_HandleTypeDef*, DMA_HandleTypeDef*)::<lambda()>]	16	static
/opt/st/stm32cubeide_1.14.0/plugins/com.st.stm32cube.ide.mcu.externaltools.gnu-tools-for-stm32.11.3.rel1.linux64_1.1.100.202309141235/tools/arm-none-eabi/include/c++/11.3.1/bits/move.h:49:5:constexpr _Tp* std::__addressof(_Tp&) [with _Tp = const applicationMain(UART_HandleTypeDef*, UART_HandleTypeDef*, DMA_HandleTypeDef*)::<lambda()>]	16	static
/opt/st/stm32cubeide_1.14.0/plugins/com.st.stm32cube.ide.mcu.externaltools.gnu-tools-for-stm32.11.3.rel1.linux64_1.1.100.202309141235/tools/arm-none-eabi/include/c++/11.3.1/bits/move.h:77:5:constexpr _Tp&& std::forward(typename std::remove_reference<_Tp>::type&) [with _Tp = applicationMain(UART_HandleTypeDef*, UART_HandleTypeDef*, DMA_HandleTypeDef*)::<lambda()>&]	16	static
/opt/st/stm32cubeide_1.14.0/plugins/com.st.stm32cube.ide.mcu.externaltools.gnu-tools-for-stm32.11.3.rel1.linux64_1.1.100.202309141235/tools/arm-none-eabi/include/c++/11.3.1/bits/invoke.h:60:5:) [with _Res = void; _Fn = applicationMain(UART_HandleTypeDef*, UART_HandleTypeDef*, DMA_HandleTypeDef*)::<lambda()>&; _Args = {}]	16	static
/opt/st/stm32cubeide_1.14.0/plugins/com.st.stm32cube.ide.mcu.externaltools.gnu-tools-for-stm32.11.3.rel1.linux64_1.1.100.202309141235/tools/arm-none-eabi/include/c++/11.3.1/bits/std_function.h:211:4:static void std::_Function_base::_Base_manager<_Functor>::_M_init_functor(std::_Any_data&, _Fn&&) [with _Fn = const applicationMain(UART_HandleTypeDef*, UART_HandleTypeDef*, DMA_HandleTypeDef*)::<lambda()>&; _Functor = applicationMain(UART_HandleTypeDef*, UART_HandleTypeDef*, DMA_HandleTypeDef*)::<lambda()>]	24	static
/opt/st/stm32cubeide_1.14.0/plugins/com.st.stm32cube.ide.mcu.externaltools.gnu-tools-for-stm32.11.3.rel1.linux64_1.1.100.202309141235/tools/arm-none-eabi/include/c++/11.3.1/bits/std_function.h:166:2:static void std::_Function_base::_Base_manager<_Functor>::_M_destroy(std::_Any_data&, std::true_type) [with _Functor = applicationMain(UART_HandleTypeDef*, UART_HandleTypeDef*, DMA_HandleTypeDef*)::<lambda()>]	16	static
/opt/st/stm32cubeide_1.14.0/plugins/com.st.stm32cube.ide.mcu.externaltools.gnu-tools-for-stm32.11.3.rel1.linux64_1.1.100.202309141235/tools/arm-none-eabi/include/c++/11.3.1/bits/move.h:77:5:constexpr _Tp&& std::forward(typename std::remove_reference<_Tp>::type&) [with _Tp = const App::syncGpsRecords()::<lambda(const char*, uint32_t, uint32_t)>&]	16	static
/opt/st/stm32cubeide_1.14.0/plugins/com.st.stm32cube.ide.mcu.externaltools.gnu-tools-for-stm32.11.3.rel1.linux64_1.1.100.202309141235/tools/arm-none-eabi/include/c++/11.3.1/bits/std_function.h:150:4:static void std::_Function_base::_Base_manager<_Functor>::_M_create(std::_Any_data&, _Fn&&, std::true_type) [with _Fn = const App::syncGpsRecords()::<lambda(const char*, uint32_t, uint32_t)>&; _Functor = App::syncGpsRecords()::<lambda(const char*, uint32_t, uint32_t)>]	32	static
/opt/st/stm32cubeide_1.14.0/plugins/com.st.stm32cube.ide.mcu.externaltools.gnu-tools-for-stm32.11.3.rel1.linux64_1.1.100.202309141235/tools/arm-none-eabi/include/c++/11.3.1/bits/std_function.h:90:7:_Tp& std::_Any_data::_M_access() [with _Tp = App::syncGpsRecords()::<lambda(const char*, uint32_t, uint32_t)>]	16	static
/opt/st/stm32cubeide_1.14.0/plugins/com.st.stm32cube.ide.mcu.externaltools.gnu-tools-for-stm32.11.3.rel1.linux64_1.1.100.202309141235/tools/arm-none-eabi/include/c++/11.3.1/bits/move.h:77:5:constexpr _Tp&& std::forward(typename std::remove_reference<_Tp>::type&) [with _Tp = const applicationMain(UART_HandleTypeDef*, UART_HandleTypeDef*, DMA_HandleTypeDef*)::<lambda()>&]	16	static
/opt/st/stm32cubeide_1.14.0/plugins/com.st.stm32cube.ide.mcu.externaltools.gnu-tools-for-stm32.11.3.rel1.linux64_1.1.100.202309141235/tools/arm-none-eabi/include/c++/11.3.1/bits/std_function.h:150:4:static void std::_Function_base::_Base_manager<_Functor>::_M_create(std::_Any_data&, _Fn&&, std::true_type) [with _Fn = const applicationMain(UART_HandleTypeDef*, UART_HandleTypeDef*, DMA_HandleTypeDef*)::<lambda()>&; _Functor = applicationMain(UART_HandleTypeDef*, UART_HandleTypeDef*, DMA_HandleTypeDef*)::<lambda()>]	24	static
/opt/st/stm32cubeide_1.14.0/plugins/com.st.stm32cube.ide.mcu.externaltools.gnu-tools-for-stm32.11.3.rel1.linux64_1.1.100.202309141235/tools/arm-none-eabi/include/c++/11.3.1/bits/std_function.h:90:7:_Tp& std::_Any_data::_M_access() [with _Tp = applicationMain(UART_HandleTypeDef*, UART_HandleTypeDef*, DMA_HandleTypeDef*)::<lambda()>]	16	static
/opt/st/stm32cubeide_1.14.0/plugins/com.st.stm32cube.ide.mcu.externaltools.gnu-tools-for-stm32.11.3.rel1.linux64_1.1.100.202309141235/tools/arm-none-eabi/include/c++/11.3.1/bits/move.h:77:5:constexpr _Tp&& std::forward(typename std::remove_reference<_Tp>::type&) [with _Tp = const applicationMain(UART_HandleTypeDef*, UART_HandleTypeDef*, DMA_HandleTypeDef*)::<lambda()>&]	16	static
/opt/st/stm32cubeide_1.14.0/plugins/com.st.stm32cube.ide.mcu.externaltools.gnu-tools-for-stm32.11.3.rel1.linux64_1.1.100.202309141235/tools/arm-none-eabi/include/c++/11.3.1/bits/std_function.h:150:4:static void std::_Function_base::_Base_manager<_Functor>::_M_create(std::_Any_data&, _Fn&&, std::true_type) [with _Fn = const applicationMain(UART_HandleTypeDef*, UART_HandleTypeDef*, DMA_HandleTypeDef*)::<lambda()>&; _Functor = applicationMain(UART_HandleTypeDef*, UART_HandleTypeDef*, DMA_HandleTypeDef*)::<lambda()>]	24	static
/opt/st/stm32cubeide_1.14.0/plugins/com.st.stm32cube.ide.mcu.externaltools.gnu-tools-for-stm32.11.3.rel1.linux64_1.1.100.202309141235/tools/arm-none-eabi/include/c++/11.3.1/bits/std_function.h:90:7:_Tp& std::_Any_data::_M_access() [with _Tp = applicationMain(UART_HandleTypeDef*, UART_HandleTypeDef*, DMA_HandleTypeDef*)::<lambda()>]	16	static
/opt/st/stm32cubeide_1.14.0/plugins/com.st.stm32cube.ide.mcu.externaltools.gnu-tools-for-stm32.11.3.rel1.linux64_1.1.100.202309141235/tools/arm-none-eabi/include/c++/11.3.1/bits/move.h:77:5:constexpr _Tp&& std::forward(typename std::remove_reference<_Tp>::type&) [with _Tp = const applicationMain(UART_HandleTypeDef*, UART_HandleTypeDef*, DMA_HandleTypeDef*)::<lambda()>&]	16	static
/opt/st/stm32cubeide_1.14.0/plugins/com.st.stm32cube.ide.mcu.externaltools.gnu-tools-for-stm32.11.3.rel1.linux64_1.1.100.202309141235/tools/arm-none-eabi/include/c++/11.3.1/bits/std_function.h:150:4:static void std::_Function_base::_Base_manager<_Functor>::_M_create(std::_Any_data&, _Fn&&, std::true_type) [with _Fn = const applicationMain(UART_HandleTypeDef*, UART_HandleTypeDef*, DMA_HandleTypeDef*)::<lambda()>&; _Functor = applicationMain(UART_HandleTypeDef*, UART_HandleTypeDef*, DMA_HandleTypeDef*)::<lambda()>]	24	static
/opt/st/stm32cubeide_1.14.0/plugins/com.st.stm32cube.ide.mcu.externaltools.gnu-tools-for-stm32.11.3.rel1.linux64_1.1.100.202309141235/tools/arm-none-eabi/include/c++/11.3.1/bits/std_function.h:90:7:_Tp& std::_Any_data::_M_access() [with _Tp = applicationMain(UART_HandleTypeDef*, UART_HandleTypeDef*, DMA_HandleTypeDef*)::<lambda()>]	16	static
../App/app.cpp:357:1:void __static_initialization_and_destruction_0(int, int)	16	static
../App/app.cpp:357:1:cpp)	8	static
../App/app.cpp:357:1:cpp)	8	static
