../App/gps_parser.cpp:7:6:bool GpsData::isValid()	16	static
../App/gps_parser.cpp:17:6:void GpsData::parseTimeUtc(char*)	16	static
../App/gps_parser.cpp:31:6:void GpsData::parseDateUtc(char*)	16	static
../App/gps_parser.cpp:46:6:void GpsData::parseLatitude(char*)	64	static
../App/gps_parser.cpp:64:6:void GpsData::parseLatitudeNorS(char*)	16	static
../App/gps_parser.cpp:73:6:void GpsData::parseLongitude(char*)	64	static
../App/gps_parser.cpp:91:6:void GpsData::parseLongitudeEorW(char*)	16	static
../App/gps_parser.cpp:100:6:void GpsData::parsePositionStatus(char*)	16	static
../App/gps_parser.cpp:112:11:GpsStatus GpsParser::getGpsStatus()	16	static
../App/gps_parser.cpp:126:6:bool GpsParser::getIsReceivingValidData()	16	static
../App/gps_parser.cpp:131:6:bool GpsParser::getIsReceivingData()	16	static
../App/gps_parser.cpp:136:6:void GpsParser::addGpsDataChangeListener(GpsDataChangeListener*)	16	static
../App/gps_parser.cpp:145:6:void GpsParser::addData(const char*, uint16_t)	32	static
../App/gps_parser.cpp:172:6:void GpsParser::parseDataNmeaSentence(const char*)	136	dynamic
../App/gps_parser.cpp:249:6:bool GpsParser::nmeaSentenceChecksumCompare(const char*)	24	static
