../App/sdcard_status.h:24:12:uint32_t SDCardStatus::getTotalMBytes()	16	static
../App/sdcard_status.h:29:12:uint32_t SDCardStatus::getFreeMBytes()	16	static
../App/sdcard_status.h:34:12:uint32_t SDCardStatus::getUsedMBytes()	16	static
../App/sdcard_status.h:39:12:uint32_t SDCardStatus::getTotalGBytes()	16	static
../App/sdcard_status.h:44:12:uint32_t SDCardStatus::getFreeGBytes()	16	static
../App/sdcard_status.h:49:12:uint32_t SDCardStatus::getUsedGBytes()	16	static
/opt/st/stm32cubeide_1.14.0/plugins/com.st.stm32cube.ide.mcu.externaltools.gnu-tools-for-stm32.11.3.rel1.linux64_1.1.100.202309141235/tools/arm-none-eabi/include/c++/11.3.1/bits/std_function.h:241:5:std::_Function_base::~_Function_base()	16	static
/opt/st/stm32cubeide_1.14.0/plugins/com.st.stm32cube.ide.mcu.externaltools.gnu-tools-for-stm32.11.3.rel1.linux64_1.1.100.202309141235/tools/arm-none-eabi/include/c++/11.3.1/bits/std_function.h:247:10:bool std::_Function_base::_M_empty() const	16	static
../App/gps_parser.h:41:7:constexpr GpsDataChangeListener::GpsDataChangeListener()	16	static
/opt/st/stm32cubeide_1.14.0/plugins/com.st.stm32cube.ide.mcu.externaltools.gnu-tools-for-stm32.11.3.rel1.linux64_1.1.100.202309141235/tools/arm-none-eabi/include/c++/11.3.1/bits/std_function.h:334:11:std::function<void()>::~function()	16	static
../App/ui.cpp:4:1:UI::UI(std::function<void()>, std::function<void()>, std::function<void()>)	40	static
../App/ui.cpp:15:6:void UI::init()	16	static
../App/ui.cpp:28:6:void UI::selectButtonPressed()	16	static
../App/ui.cpp:52:6:void UI::moveButtonPressed()	24	static
../App/ui.cpp:95:6:void UI::showMenuScreen()	24	static
../App/ui.cpp:103:6:void UI::showMenuItem(uint8_t)	40	static
../App/ui.cpp:112:6:void UI::showGpsRecordingScreen()	16	static
../App/ui.cpp:119:6:void UI::refreshGpsRecordingScreenStopButton()	32	static
../App/ui.cpp:131:6:void UI::refreshGpsStatus(GpsStatus)	24	static
../App/ui.cpp:158:6:void UI::refreshGpsData(GpsData*)	80	static
../App/ui.cpp:175:6:virtual void UI::onGpsDataChange(GpsData*)	16	static
../App/ui.cpp:184:6:void UI::showSyncGpsRecordsScreen()	24	static
../App/ui.cpp:189:6:void UI::syncGpsRecordsScreenRefreshRecordName(const char*)	24	static
../App/ui.cpp:193:6:void UI::syncGpsRecordsScreenRefreshProgress(uint8_t)	80	static
../App/ui.cpp:203:6:void UI::showSyncGpsRecordsScreenFinishScreen()	24	static
../App/ui.cpp:215:6:void UI::printError(const char*)	24	static
../App/ui.cpp:220:6:void UI::refreshStorageData(SDCardStatus*)	112	static
/opt/st/stm32cubeide_1.14.0/plugins/com.st.stm32cube.ide.mcu.externaltools.gnu-tools-for-stm32.11.3.rel1.linux64_1.1.100.202309141235/tools/arm-none-eabi/include/c++/11.3.1/bits/std_function.h:239:5:constexpr std::_Function_base::_Function_base()	16	static
/opt/st/stm32cubeide_1.14.0/plugins/com.st.stm32cube.ide.mcu.externaltools.gnu-tools-for-stm32.11.3.rel1.linux64_1.1.100.202309141235/tools/arm-none-eabi/include/c++/11.3.1/bits/std_function.h:368:7:)>::function() [with _Res = void; _ArgTypes = {}]	16	static
/opt/st/stm32cubeide_1.14.0/plugins/com.st.stm32cube.ide.mcu.externaltools.gnu-tools-for-stm32.11.3.rel1.linux64_1.1.100.202309141235/tools/arm-none-eabi/include/c++/11.3.1/bits/std_function.h:469:7:)>&) [with _Res = void; _ArgTypes = {}]	32	static
/opt/st/stm32cubeide_1.14.0/plugins/com.st.stm32cube.ide.mcu.externaltools.gnu-tools-for-stm32.11.3.rel1.linux64_1.1.100.202309141235/tools/arm-none-eabi/include/c++/11.3.1/bits/std_function.h:586:7:) const [with _Res = void; _ArgTypes = {}]	16	static
/opt/st/stm32cubeide_1.14.0/plugins/com.st.stm32cube.ide.mcu.externaltools.gnu-tools-for-stm32.11.3.rel1.linux64_1.1.100.202309141235/tools/arm-none-eabi/include/c++/11.3.1/bits/std_function.h:386:7:)>&) [with _Res = void; _ArgTypes = {}]	16	static
/opt/st/stm32cubeide_1.14.0/plugins/com.st.stm32cube.ide.mcu.externaltools.gnu-tools-for-stm32.11.3.rel1.linux64_1.1.100.202309141235/tools/arm-none-eabi/include/c++/11.3.1/bits/std_function.h:555:12:)>&) [with _Res = void; _ArgTypes = {}]	16	static
/opt/st/stm32cubeide_1.14.0/plugins/com.st.stm32cube.ide.mcu.externaltools.gnu-tools-for-stm32.11.3.rel1.linux64_1.1.100.202309141235/tools/arm-none-eabi/include/c++/11.3.1/bits/std_function.h:572:16:)>::operator bool() const [with _Res = void; _ArgTypes = {}]	16	static
/opt/st/stm32cubeide_1.14.0/plugins/com.st.stm32cube.ide.mcu.externaltools.gnu-tools-for-stm32.11.3.rel1.linux64_1.1.100.202309141235/tools/arm-none-eabi/include/c++/11.3.1/bits/move.h:104:5:constexpr typename std::remove_reference<_Tp>::type&& std::move(_Tp&&) [with _Tp = std::_Any_data&]	16	static
/opt/st/stm32cubeide_1.14.0/plugins/com.st.stm32cube.ide.mcu.externaltools.gnu-tools-for-stm32.11.3.rel1.linux64_1.1.100.202309141235/tools/arm-none-eabi/include/c++/11.3.1/bits/move.h:196:5:std::_Require<std::__not_<std::__is_tuple_like<_Tp> >, std::is_move_constructible<_Tp>, std::is_move_assignable<_Tp> > std::swap(_Tp&, _Tp&) [with _Tp = std::_Any_data]	24	static
/opt/st/stm32cubeide_1.14.0/plugins/com.st.stm32cube.ide.mcu.externaltools.gnu-tools-for-stm32.11.3.rel1.linux64_1.1.100.202309141235/tools/arm-none-eabi/include/c++/11.3.1/bits/move.h:104:5:constexpr typename std::remove_reference<_Tp>::type&& std::move(_Tp&&) [with _Tp = bool (*&)(std::_Any_data&, const std::_Any_data&, std::_Manager_operation)]	16	static
/opt/st/stm32cubeide_1.14.0/plugins/com.st.stm32cube.ide.mcu.externaltools.gnu-tools-for-stm32.11.3.rel1.linux64_1.1.100.202309141235/tools/arm-none-eabi/include/c++/11.3.1/bits/move.h:196:5:std::_Require<std::__not_<std::__is_tuple_like<_Tp> >, std::is_move_constructible<_Tp>, std::is_move_assignable<_Tp> > std::swap(_Tp&, _Tp&) [with _Tp = bool (*)(std::_Any_data&, const std::_Any_data&, std::_Manager_operation)]	24	static
/opt/st/stm32cubeide_1.14.0/plugins/com.st.stm32cube.ide.mcu.externaltools.gnu-tools-for-stm32.11.3.rel1.linux64_1.1.100.202309141235/tools/arm-none-eabi/include/c++/11.3.1/bits/move.h:104:5:constexpr typename std::remove_reference<_Tp>::type&& std::move(_Tp&&) [with _Tp = void (*&)(const std::_Any_data&)]	16	static
/opt/st/stm32cubeide_1.14.0/plugins/com.st.stm32cube.ide.mcu.externaltools.gnu-tools-for-stm32.11.3.rel1.linux64_1.1.100.202309141235/tools/arm-none-eabi/include/c++/11.3.1/bits/move.h:196:5:std::_Require<std::__not_<std::__is_tuple_like<_Tp> >, std::is_move_constructible<_Tp>, std::is_move_assignable<_Tp> > std::swap(_Tp&, _Tp&) [with _Tp = void (*)(const std::_Any_data&)]	24	static
